ERROR: MERKELY_FINGERPRINT environment-variable not set
