MERKELY_COMMAND=declare_pipeline
ERROR: MERKELY_HOST environment-variable is empty string
