Getting json:
From this url: https://test.compliancedb.com/api/v1/get/
Response.status=503, retrying in 0.001 seconds...
Retry 1/5: response.status=503, retrying in 0.002 seconds...
Retry 2/5: response.status=503, retrying in 0.004 seconds...
Retry 3/5: response.status=503, retrying in 0.008 seconds...
Retry 4/5: response.status=503, retrying in 0.016 seconds...
Retry 5/5: response.status=503
