Error: MERKELY_COMMAND environment-variable is empty string
