MERKELY_COMMAND=log_artifact
ERROR: MERKELY_ARTIFACT_GIT_URL environment-variable not set
