MERKELY_COMMAND=declare_pipeline
ERROR: MERKELY_HOST environment-variable not set
