MERKELY_COMMAND=log_artifact
Getting SHA for docker:// artifact: acme/road-runner:2.3
Calculated digest: ddee5566dc05772d90dc6929ad4f1fbc14aa105addf3326aa5cf575a104f51dc
Putting this payload:
{
    "build_url": "https://gitlab/build/1856",
    "commit_url": "http://github/me/project/commit/ddc50c8a53f79974d615df335669b59fb56a4ed3",
    "description": "Created by build 236",
    "filename": "acme/road-runner:2.3",
    "git_commit": "ddc50c8a53f79974d615df335669b59fb56a4ed3",
    "is_compliant": true,
    "sha256": "ddee5566dc05772d90dc6929ad4f1fbc14aa105addf3326aa5cf575a104f51dc"
}
To this url: https://app.compliancedb.com/api/v1/projects/merkely-test/merkely-change-test-pipeline/artifacts/
DRY RUN: Put not sent
