MERKELY_COMMAND=declare_pipeline
Putting this payload:
{
    "description": "Test Pipeline for merkely/change",
    "name": "cdb-controls-test-pipeline",
    "owner": "compliancedb",
    "template": [
        "artifact",
        "unit_test",
        "coverage"
    ],
    "visibility": "public"
}
To this url: https://app.compliancedb.com/api/v1/projects/compliancedb/
DRY RUN: Put not sent
