ERROR: MERKELY_ARTIFACT_GIT_COMMIT environment-variable not set
