MERKELY_COMMAND=wibble
Error: Unknown command: wibble
