MERKELY_COMMAND=log_deployment
Getting SHA for file:// artifact: jam.jar
Calculated digest: ccdd89ccdc05772d90dc6929ad4f1fbc14aa105addf3326aa5cf575a104f51dc
Posting this payload:
{
    "artifact_sha256": "ccdd89ccdc05772d90dc6929ad4f1fbc14aa105addf3326aa5cf575a104f51dc",
    "build_url": "https://gitlab/build/1456",
    "description": "some description",
    "environment": "production"
}
To this url: https://app.compliancedb.com/api/v1/projects/merkely-test/merkely-change-test-pipeline/deployments/
DRY RUN: Post not sent
