Cannot find CDB_ARTIFACT_SHA in the environment variables
