Docker image digest found from environment variable
IMAGE DIGEST: b7cdaef69c676c2466571d9933380d559ccc2032b258fc5e73f99a103db462ef
Publish artifact to ComplianceDB
CDB_IS_COMPLIANT: True
Putting this payload:
{
    "build_url": "https://gitlab/build/351",
    "commit_url": "http://github/me/project/commit/82037940e4e7503055d8a8eea87e177f04f14616",
    "description": "Created by build UNDEFINED",
    "filename": "NO_DOCKER_IMAGE_FOUND",
    "git_commit": "82037940e4e7503055d8a8eea87e177f04f14616",
    "is_compliant": true,
    "sha256": "b7cdaef69c676c2466571d9933380d559ccc2032b258fc5e73f99a103db462ef"
}
To this url: https://app.compliancedb.com/api/v1/projects/compliancedb/cdb-controls-test-pipeline/artifacts/
DRY RUN: Put not sent
