Docker image digest found from environment variable
IMAGE DIGEST: ccee89ccdc05772d90dc6929ad4f1fbc14aa105addf3326aa5cf575a104f51dc
Publish artifact to ComplianceDB
CDB_IS_COMPLIANT: False
Putting this payload:
{
    "build_url": "BUILD_URL_UNDEFINED",
    "commit_url": "GIT_URL_UNDEFINED",
    "description": "Created by build UNDEFINED",
    "filename": "NO_DOCKER_IMAGE_FOUND",
    "git_commit": "0000000000000000000000000000000000000000",
    "is_compliant": false,
    "sha256": "ccee89ccdc05772d90dc6929ad4f1fbc14aa105addf3326aa5cf575a104f51dc"
}
To this url: https://app.compliancedb.com/api/v1/projects/compliancedb/cdb-controls-test-pipeline/artifacts/
DRY RUN: Put not sent
