Posting this payload:
{
    "artifact_sha256": "ttcdaef69c676c2466571d3233380d559ccc2032b258fc5e73f99a103db46212",
    "description": "No description provided",
    "is_approved": false,
    "src_commit_list": [
        "8f5b384644eb83e7f2a6d9499539a077e7256b8b",
        "e0ad84e1a2464a9486e777c1ecde162edff930a9"
    ]
}
To this url: https://app.compliancedb.com/api/v1/projects/compliancedb/cdb-controls-test-pipeline/approvals/
DRY RUN: Post not sent
