Ensure Project - loading tests/integration/test-pipefile.json
Put pipeline
Putting this payload:
{
    "description": "Test Pipeline Controls for ComplianceDB",
    "name": "cdb-controls-test-pipeline",
    "owner": "compliancedb",
    "template": [
        "artifact",
        "unit_test",
        "coverage"
    ],
    "visibility": "public"
}
To this url: http://app2.compliancedb.com/api/v1/projects/compliancedb/
DRY RUN: Put not sent
