Getting SHA for artifact: jam.jar
Calculated digest: ddcdaef69c676c2466571d3288880d559ccc2032b258fc5e73f99a103db462ee
Publish artifact to ComplianceDB
CDB_IS_COMPLIANT: True
Putting this payload:
{
    "build_url": "https://gitlab/build/1456",
    "commit_url": "https://github/me/project/commit/abc50c8a53f79974d615df335669b59fb56a4ed3",
    "description": "Created by build 1456",
    "filename": "jam.jar",
    "git_commit": "abc50c8a53f79974d615df335669b59fb56a4ed3",
    "is_compliant": true,
    "sha256": "ddcdaef69c676c2466571d3288880d559ccc2032b258fc5e73f99a103db462ee"
}
To this url: https://app.compliancedb.com/api/v1/projects/compliancedb/cdb-controls-test-pipeline/artifacts/
DRY RUN: Put not sent
