Getting SHA for artifact: some/artifact/file.txt
Calculated digest: cccdaef69c676c2466571d3233380d559ccc2032b258fc5e73f99a103db46212
Posting this payload:
{
    "artifact_sha256": "cccdaef69c676c2466571d3233380d559ccc2032b258fc5e73f99a103db46212",
    "build_url": null,
    "description": "None",
    "environment": "production"
}
To this url: http://test.compliancedb.com/api/v1/projects/compliancedb/cdb-controls-test-pipeline/deployments/
DRY RUN: Post not sent
