Putting this payload:
{
    "name": "git",
    "template": [
        "artefact",
        "coverage"
    ]
}
To this url: https://test.compliancedb.com/api/v1/put/
The HTTP call failed. Retrying...
Retry 1/5 failed, status=503, sleeping for 0.002 seconds...
Retry 2/5 failed, status=503, sleeping for 0.004 seconds...
Retry 3/5 failed, status=503, sleeping for 0.008 seconds...
Retry 4/5 failed, status=503, sleeping for 0.016 seconds...
Retry 5/5 failed, status=503
